Warning: sta.tcl, 5 report_checks -verbose is not a known keyword or flag.
Startpoint: _49_ (rising edge-triggered flip-flop clocked by MYCLK)
Endpoint: _49_ (rising edge-triggered flip-flop clocked by MYCLK)
Path Group: MYCLK
Path Type: min

Fanout       Cap      Slew     Delay      Time   Description
------------------------------------------------------------------------------------
                   0.0000    0.0000    0.0000   clock MYCLK (rise edge)
                             2.0000    2.0000   clock network delay (ideal)
                   0.0000    0.0000    2.0000 ^ _49_/CLK (sky130_fd_sc_hd__dfxtp_1)
                   0.4366    0.5821    2.5821 v _49_/Q (sky130_fd_sc_hd__dfxtp_1)
    7    0.1123                                 count[0] (net)
                   0.4366    0.0000    2.5821 v _36_/A (sky130_fd_sc_hd__nor2_1)
                   0.0639    0.2458    2.8279 ^ _36_/Y (sky130_fd_sc_hd__nor2_1)
    1    0.0017                                 _09_ (net)
                   0.0639    0.0000    2.8279 ^ _49_/D (sky130_fd_sc_hd__dfxtp_1)
                                       2.8279   data arrival time

                   0.0000    0.0000    0.0000   clock MYCLK (rise edge)
                             2.0000    2.0000   clock network delay (ideal)
                             0.1000    2.1000   clock uncertainty
                             0.0000    2.1000   clock reconvergence pessimism
                                       2.1000 ^ _49_/CLK (sky130_fd_sc_hd__dfxtp_1)
                            -0.0359    2.0641   library hold time
                                       2.0641   data required time
------------------------------------------------------------------------------------
                                       2.0641   data required time
                                      -2.8279   data arrival time
------------------------------------------------------------------------------------
                                       0.7638   slack (MET)


Startpoint: _49_ (rising edge-triggered flip-flop clocked by MYCLK)
Endpoint: _51_ (rising edge-triggered flip-flop clocked by MYCLK)
Path Group: MYCLK
Path Type: max

Fanout       Cap      Slew     Delay      Time   Description
------------------------------------------------------------------------------------
                   0.0000    0.0000    0.0000   clock MYCLK (rise edge)
                             2.0000    2.0000   clock network delay (ideal)
                   0.0000    0.0000    2.0000 ^ _49_/CLK (sky130_fd_sc_hd__dfxtp_1)
                   4.3459    3.2748    5.2748 ^ _49_/Q (sky130_fd_sc_hd__dfxtp_1)
    7    0.4134                                 count[0] (net)
                   4.3459    0.0000    5.2748 ^ _40_/A (sky130_fd_sc_hd__maj3_1)
                   0.1372    0.6804    5.9552 ^ _40_/X (sky130_fd_sc_hd__maj3_1)
    2    0.0046                                 _21_ (net)
                   0.1372    0.0000    5.9552 ^ _42_/A1 (sky130_fd_sc_hd__a21oi_1)
                   0.0669    0.0632    6.0184 v _42_/Y (sky130_fd_sc_hd__a21oi_1)
    1    0.0021                                 _23_ (net)
                   0.0669    0.0000    6.0184 v _43_/B1 (sky130_fd_sc_hd__o21a_1)
                   0.0331    0.1008    6.1192 v _43_/X (sky130_fd_sc_hd__o21a_1)
    1    0.0016                                 _11_ (net)
                   0.0331    0.0000    6.1192 v _51_/D (sky130_fd_sc_hd__dfxtp_1)
                                       6.1192   data arrival time

                   0.0000   10.0000   10.0000   clock MYCLK (rise edge)
                             2.0000   12.0000   clock network delay (ideal)
                            -0.5000   11.5000   clock uncertainty
                             0.0000   11.5000   clock reconvergence pessimism
                                      11.5000 ^ _51_/CLK (sky130_fd_sc_hd__dfxtp_1)
                            -0.1341   11.3659   library setup time
                                      11.3659   data required time
------------------------------------------------------------------------------------
                                      11.3659   data required time
                                      -6.1192   data arrival time
------------------------------------------------------------------------------------
                                       5.2467   slack (MET)


