Warning: sta.tcl, 5 report_checks -verbose is not a known keyword or flag.
Startpoint: ctrl (input port clocked by MYCLK)
Endpoint: _50_ (rising edge-triggered flip-flop clocked by MYCLK)
Path Group: MYCLK
Path Type: min

Fanout       Cap      Slew     Delay      Time   Description
------------------------------------------------------------------------------------
                   0.0000    0.0000    0.0000   clock MYCLK (rise edge)
                             2.0000    2.0000   clock network delay (ideal)
                             1.0000    3.0000 ^ input external delay
                   0.1000    0.0000    3.0000 ^ ctrl (in)
    5    0.0141                                 ctrl (net)
                   0.1000    0.0000    3.0000 ^ _37_/B (sky130_fd_sc_hd__xnor2_1)
                   0.1136    0.1766    3.1766 v _37_/Y (sky130_fd_sc_hd__xnor2_1)
    2    0.0039                                 _19_ (net)
                   0.1136    0.0000    3.1766 v _39_/A2 (sky130_fd_sc_hd__a21oi_1)
                   0.3029    0.5018    3.6785 ^ _39_/Y (sky130_fd_sc_hd__a21oi_1)
    1    0.0014                                 _10_ (net)
                   0.3029    0.0000    3.6785 ^ _50_/D (sky130_fd_sc_hd__dfxtp_1)
                                       3.6785   data arrival time

                   0.0000    0.0000    0.0000   clock MYCLK (rise edge)
                             2.0000    2.0000   clock network delay (ideal)
                             0.1000    2.1000   clock uncertainty
                             0.0000    2.1000   clock reconvergence pessimism
                                       2.1000 ^ _50_/CLK (sky130_fd_sc_hd__dfxtp_1)
                            -0.2069    1.8931   library hold time
                                       1.8931   data required time
------------------------------------------------------------------------------------
                                       1.8931   data required time
                                      -3.6785   data arrival time
------------------------------------------------------------------------------------
                                       1.7853   slack (MET)


Startpoint: _50_ (rising edge-triggered flip-flop clocked by MYCLK)
Endpoint: _50_ (rising edge-triggered flip-flop clocked by MYCLK)
Path Group: MYCLK
Path Type: max

Fanout       Cap      Slew     Delay      Time   Description
------------------------------------------------------------------------------------
                   0.0000    0.0000    0.0000   clock MYCLK (rise edge)
                             2.0000    2.0000   clock network delay (ideal)
                   0.0000    0.0000    2.0000 ^ _50_/CLK (sky130_fd_sc_hd__dfxtp_1)
                  15.7170   13.0128   15.0128 ^ _50_/Q (sky130_fd_sc_hd__dfxtp_1)
    5    0.4099                                 count[1] (net)
                  15.7170    0.0000   15.0128 ^ _37_/A (sky130_fd_sc_hd__xnor2_1)
                   1.1807    5.6894   20.7021 v _37_/Y (sky130_fd_sc_hd__xnor2_1)
    2    0.0039                                 _19_ (net)
                   1.1807    0.0000   20.7021 v _38_/A2 (sky130_fd_sc_hd__o21bai_1)
                   0.5906    1.2089   21.9110 ^ _38_/Y (sky130_fd_sc_hd__o21bai_1)
    1    0.0021                                 _20_ (net)
                   0.5906    0.0000   21.9110 ^ _39_/B1 (sky130_fd_sc_hd__a21oi_1)
                   1.3020    0.3124   22.2234 v _39_/Y (sky130_fd_sc_hd__a21oi_1)
    1    0.0013                                 _10_ (net)
                   1.3020    0.0000   22.2234 v _50_/D (sky130_fd_sc_hd__dfxtp_1)
                                      22.2234   data arrival time

                   0.0000   10.0000   10.0000   clock MYCLK (rise edge)
                             2.0000   12.0000   clock network delay (ideal)
                            -0.5000   11.5000   clock uncertainty
                             0.0000   11.5000   clock reconvergence pessimism
                                      11.5000 ^ _50_/CLK (sky130_fd_sc_hd__dfxtp_1)
                            -1.8558    9.6442   library setup time
                                       9.6442   data required time
------------------------------------------------------------------------------------
                                       9.6442   data required time
                                     -22.2234   data arrival time
------------------------------------------------------------------------------------
                                     -12.5793   slack (VIOLATED)


