Warning: sta.tcl, 5 report_checks -verbose is not a known keyword or flag.
Startpoint: ctrl (input port clocked by MYCLK)
Endpoint: _50_ (rising edge-triggered flip-flop clocked by MYCLK)
Path Group: MYCLK
Path Type: min

Fanout       Cap      Slew     Delay      Time   Description
------------------------------------------------------------------------------------
                   0.0000    0.0000    0.0000   clock MYCLK (rise edge)
                             2.0000    2.0000   clock network delay (ideal)
                             1.0000    3.0000 ^ input external delay
                   0.1000    0.0000    3.0000 ^ ctrl (in)
    5    0.0153                                 ctrl (net)
                   0.1000    0.0000    3.0000 ^ _37_/B (sky130_fd_sc_hd__xnor2_1)
                   0.1282    0.2303    3.2303 ^ _37_/Y (sky130_fd_sc_hd__xnor2_1)
    2    0.0046                                 _19_ (net)
                   0.1282    0.0000    3.2303 ^ _39_/A2 (sky130_fd_sc_hd__a21oi_1)
                   0.0260    0.1113    3.3416 v _39_/Y (sky130_fd_sc_hd__a21oi_1)
    1    0.0015                                 _10_ (net)
                   0.0260    0.0000    3.3416 v _50_/D (sky130_fd_sc_hd__dfxtp_1)
                                       3.3416   data arrival time

                   0.0000    0.0000    0.0000   clock MYCLK (rise edge)
                             2.0000    2.0000   clock network delay (ideal)
                             0.1000    2.1000   clock uncertainty
                             0.0000    2.1000   clock reconvergence pessimism
                                       2.1000 ^ _50_/CLK (sky130_fd_sc_hd__dfxtp_1)
                            -0.1173    1.9827   library hold time
                                       1.9827   data required time
------------------------------------------------------------------------------------
                                       1.9827   data required time
                                      -3.3416   data arrival time
------------------------------------------------------------------------------------
                                       1.3589   slack (MET)


Startpoint: _50_ (rising edge-triggered flip-flop clocked by MYCLK)
Endpoint: _50_ (rising edge-triggered flip-flop clocked by MYCLK)
Path Group: MYCLK
Path Type: max

Fanout       Cap      Slew     Delay      Time   Description
------------------------------------------------------------------------------------
                   0.0000    0.0000    0.0000   clock MYCLK (rise edge)
                             2.0000    2.0000   clock network delay (ideal)
                   0.0000    0.0000    2.0000 ^ _50_/CLK (sky130_fd_sc_hd__dfxtp_1)
                   7.7307    6.2837    8.2837 ^ _50_/Q (sky130_fd_sc_hd__dfxtp_1)
    5    0.4107                                 count[1] (net)
                   7.7307    0.0000    8.2837 ^ _37_/A (sky130_fd_sc_hd__xnor2_1)
                   0.6403    1.8616   10.1453 v _37_/Y (sky130_fd_sc_hd__xnor2_1)
    2    0.0041                                 _19_ (net)
                   0.6403    0.0000   10.1453 v _38_/A2 (sky130_fd_sc_hd__o21bai_1)
                   0.3698    0.5668   10.7121 ^ _38_/Y (sky130_fd_sc_hd__o21bai_1)
    1    0.0023                                 _20_ (net)
                   0.3698    0.0000   10.7121 ^ _39_/B1 (sky130_fd_sc_hd__a21oi_1)
                   0.6619    0.1521   10.8641 v _39_/Y (sky130_fd_sc_hd__a21oi_1)
    1    0.0015                                 _10_ (net)
                   0.6619    0.0000   10.8641 v _50_/D (sky130_fd_sc_hd__dfxtp_1)
                                      10.8641   data arrival time

                   0.0000   10.0000   10.0000   clock MYCLK (rise edge)
                             2.0000   12.0000   clock network delay (ideal)
                            -0.5000   11.5000   clock uncertainty
                             0.0000   11.5000   clock reconvergence pessimism
                                      11.5000 ^ _50_/CLK (sky130_fd_sc_hd__dfxtp_1)
                            -0.7168   10.7832   library setup time
                                      10.7832   data required time
------------------------------------------------------------------------------------
                                      10.7832   data required time
                                     -10.8641   data arrival time
------------------------------------------------------------------------------------
                                      -0.0809   slack (VIOLATED)


