Warning: sta.tcl, 5 report_checks -verbose is not a known keyword or flag.
Startpoint: ctrl (input port clocked by MYCLK)
Endpoint: _50_ (rising edge-triggered flip-flop clocked by MYCLK)
Path Group: MYCLK
Path Type: min

Fanout       Cap      Slew     Delay      Time   Description
------------------------------------------------------------------------------------
                   0.0000    0.0000    0.0000   clock MYCLK (rise edge)
                             2.0000    2.0000   clock network delay (ideal)
                             1.0000    3.0000 ^ input external delay
                   0.1000    0.0000    3.0000 ^ ctrl (in)
    5    0.0144                                 ctrl (net)
                   0.1000    0.0000    3.0000 ^ _37_/B (sky130_fd_sc_hd__xnor2_1)
                   0.0985    0.1602    3.1602 v _37_/Y (sky130_fd_sc_hd__xnor2_1)
    2    0.0039                                 _19_ (net)
                   0.0985    0.0000    3.1602 v _39_/A2 (sky130_fd_sc_hd__a21oi_1)
                   0.2460    0.4161    3.5763 ^ _39_/Y (sky130_fd_sc_hd__a21oi_1)
    1    0.0014                                 _10_ (net)
                   0.2460    0.0000    3.5763 ^ _50_/D (sky130_fd_sc_hd__dfxtp_1)
                                       3.5763   data arrival time

                   0.0000    0.0000    0.0000   clock MYCLK (rise edge)
                             2.0000    2.0000   clock network delay (ideal)
                             0.1000    2.1000   clock uncertainty
                             0.0000    2.1000   clock reconvergence pessimism
                                       2.1000 ^ _50_/CLK (sky130_fd_sc_hd__dfxtp_1)
                            -0.1669    1.9331   library hold time
                                       1.9331   data required time
------------------------------------------------------------------------------------
                                       1.9331   data required time
                                      -3.5763   data arrival time
------------------------------------------------------------------------------------
                                       1.6432   slack (MET)


Startpoint: _50_ (rising edge-triggered flip-flop clocked by MYCLK)
Endpoint: _50_ (rising edge-triggered flip-flop clocked by MYCLK)
Path Group: MYCLK
Path Type: max

Fanout       Cap      Slew     Delay      Time   Description
------------------------------------------------------------------------------------
                   0.0000    0.0000    0.0000   clock MYCLK (rise edge)
                             2.0000    2.0000   clock network delay (ideal)
                   0.0000    0.0000    2.0000 ^ _50_/CLK (sky130_fd_sc_hd__dfxtp_1)
                  13.0287   10.8078   12.8078 ^ _50_/Q (sky130_fd_sc_hd__dfxtp_1)
    5    0.4101                                 count[1] (net)
                  13.0287    0.0000   12.8078 ^ _37_/A (sky130_fd_sc_hd__xnor2_1)
                   0.9847    4.2882   17.0960 v _37_/Y (sky130_fd_sc_hd__xnor2_1)
    2    0.0039                                 _19_ (net)
                   0.9847    0.0000   17.0960 v _38_/A2 (sky130_fd_sc_hd__o21bai_1)
                   0.5171    0.9888   18.0848 ^ _38_/Y (sky130_fd_sc_hd__o21bai_1)
    1    0.0022                                 _20_ (net)
                   0.5171    0.0000   18.0848 ^ _39_/B1 (sky130_fd_sc_hd__a21oi_1)
                   1.0809    0.2616   18.3463 v _39_/Y (sky130_fd_sc_hd__a21oi_1)
    1    0.0014                                 _10_ (net)
                   1.0809    0.0000   18.3463 v _50_/D (sky130_fd_sc_hd__dfxtp_1)
                                      18.3463   data arrival time

                   0.0000   10.0000   10.0000   clock MYCLK (rise edge)
                             2.0000   12.0000   clock network delay (ideal)
                            -0.5000   11.5000   clock uncertainty
                             0.0000   11.5000   clock reconvergence pessimism
                                      11.5000 ^ _50_/CLK (sky130_fd_sc_hd__dfxtp_1)
                            -1.4529   10.0471   library setup time
                                      10.0471   data required time
------------------------------------------------------------------------------------
                                      10.0471   data required time
                                     -18.3463   data arrival time
------------------------------------------------------------------------------------
                                      -8.2992   slack (VIOLATED)


