Warning: report_checks -verbose is not a known keyword or flag.
Startpoint: _52_ (rising edge-triggered flip-flop clocked by MYCLK)
Endpoint: _52_ (rising edge-triggered flip-flop clocked by MYCLK)
Path Group: MYCLK
Path Type: min

Fanout       Cap      Slew     Delay      Time   Description
------------------------------------------------------------------------------------
                   0.0000    0.0000    0.0000   clock MYCLK (rise edge)
                             3.0000    3.0000   clock network delay (ideal)
                   0.0000    0.0000    3.0000 ^ _52_/CLK (sky130_fd_sc_hd__dfxtp_1)
                   0.1112    0.3490    3.3490 v _52_/Q (sky130_fd_sc_hd__dfxtp_1)
    6    0.0229                                 count[0] (net)
                   0.1112    0.0000    3.3490 v _39_/A (sky130_fd_sc_hd__nor2_1)
                   0.0596    0.1067    3.4557 ^ _39_/Y (sky130_fd_sc_hd__nor2_1)
    1    0.0017                                 _18_ (net)
                   0.0596    0.0000    3.4557 ^ _52_/D (sky130_fd_sc_hd__dfxtp_1)
                                       3.4557   data arrival time

                   0.0000    0.0000    0.0000   clock MYCLK (rise edge)
                             3.0000    3.0000   clock network delay (ideal)
                             0.1000    3.1000   clock uncertainty
                             0.0000    3.1000   clock reconvergence pessimism
                                       3.1000 ^ _52_/CLK (sky130_fd_sc_hd__dfxtp_1)
                            -0.0403    3.0597   library hold time
                                       3.0597   data required time
------------------------------------------------------------------------------------
                                       3.0597   data required time
                                      -3.4557   data arrival time
------------------------------------------------------------------------------------
                                       0.3960   slack (MET)


Startpoint: ctrl (input port clocked by MYCLK)
Endpoint: _54_ (rising edge-triggered flip-flop clocked by MYCLK)
Path Group: MYCLK
Path Type: max

Fanout       Cap      Slew     Delay      Time   Description
------------------------------------------------------------------------------------
                   0.0000    0.0000    0.0000   clock MYCLK (rise edge)
                             3.0000    3.0000   clock network delay (ideal)
                             3.0000    6.0000 v input external delay
                   0.5000    0.0000    6.0000 v ctrl (in)
    4    0.0093                                 ctrl (net)
                   0.5000    0.0000    6.0000 v _44_/B1_N (sky130_fd_sc_hd__a21boi_0)
                   0.2737    0.3041    6.3041 v _44_/Y (sky130_fd_sc_hd__a21boi_0)
    4    0.0075                                 _31_ (net)
                   0.2737    0.0000    6.3041 v _46_/C (sky130_fd_sc_hd__or3_1)
                   0.0639    0.3775    6.6816 v _46_/X (sky130_fd_sc_hd__or3_1)
    1    0.0022                                 _33_ (net)
                   0.0639    0.0000    6.6816 v _47_/A2 (sky130_fd_sc_hd__a21oi_1)
                   0.0849    0.1264    6.8080 ^ _47_/Y (sky130_fd_sc_hd__a21oi_1)
    1    0.0017                                 _20_ (net)
                   0.0849    0.0000    6.8080 ^ _54_/D (sky130_fd_sc_hd__dfxtp_1)
                                       6.8080   data arrival time

                   0.0000   10.0000   10.0000   clock MYCLK (rise edge)
                             3.0000   13.0000   clock network delay (ideal)
                            -0.5000   12.5000   clock uncertainty
                             0.0000   12.5000   clock reconvergence pessimism
                                      12.5000 ^ _54_/CLK (sky130_fd_sc_hd__dfxtp_1)
                            -0.0697   12.4303   library setup time
                                      12.4303   data required time
------------------------------------------------------------------------------------
                                      12.4303   data required time
                                      -6.8080   data arrival time
------------------------------------------------------------------------------------
                                       5.6222   slack (MET)


