Warning: report_checks -verbose is not a known keyword or flag.
Startpoint: _25_ (rising edge-triggered flip-flop clocked by MYCLK)
Endpoint: _25_ (rising edge-triggered flip-flop clocked by MYCLK)
Path Group: MYCLK
Path Type: min

Fanout       Cap      Slew     Delay      Time   Description
------------------------------------------------------------------------------------
                   0.0000    0.0000    0.0000   clock MYCLK (rise edge)
                             3.0000    3.0000   clock network delay (ideal)
                   0.0000    0.0000    3.0000 ^ _25_/CLK (sky130_fd_sc_hd__dfxtp_1)
                   0.5106    0.6504    3.6504 v _25_/Q (sky130_fd_sc_hd__dfxtp_1)
    6    0.1129                                 count[0] (net)
                   0.5106    0.0000    3.6504 v _12_/A (sky130_fd_sc_hd__nor2_1)
                   0.0596    0.1995    3.8499 ^ _12_/Y (sky130_fd_sc_hd__nor2_1)
    1    0.0017                                 _00_[0] (net)
                   0.0596    0.0000    3.8499 ^ _25_/D (sky130_fd_sc_hd__dfxtp_1)
                                       3.8499   data arrival time

                   0.0000    0.0000    0.0000   clock MYCLK (rise edge)
                             3.0000    3.0000   clock network delay (ideal)
                             0.1000    3.1000   clock uncertainty
                             0.0000    3.1000   clock reconvergence pessimism
                                       3.1000 ^ _25_/CLK (sky130_fd_sc_hd__dfxtp_1)
                            -0.0403    3.0597   library hold time
                                       3.0597   data required time
------------------------------------------------------------------------------------
                                       3.0597   data required time
                                      -3.8499   data arrival time
------------------------------------------------------------------------------------
                                       0.7902   slack (MET)


Startpoint: _26_ (rising edge-triggered flip-flop clocked by MYCLK)
Endpoint: _27_ (rising edge-triggered flip-flop clocked by MYCLK)
Path Group: MYCLK
Path Type: max

Fanout       Cap      Slew     Delay      Time   Description
------------------------------------------------------------------------------------
                   0.0000    0.0000    0.0000   clock MYCLK (rise edge)
                             3.0000    3.0000   clock network delay (ideal)
                   0.0000    0.0000    3.0000 ^ _26_/CLK (sky130_fd_sc_hd__dfxtp_1)
                   3.7880    2.9153    5.9153 ^ _26_/Q (sky130_fd_sc_hd__dfxtp_1)
    5    0.4114                                 count[1] (net)
                   3.7880    0.0000    5.9153 ^ _17_/A2 (sky130_fd_sc_hd__a21boi_0)
                   0.6802    0.6157    6.5310 v _17_/Y (sky130_fd_sc_hd__a21boi_0)
    4    0.0075                                 _05_ (net)
                   0.6802    0.0000    6.5310 v _19_/C (sky130_fd_sc_hd__or3_1)
                   0.0804    0.5333    7.0643 v _19_/X (sky130_fd_sc_hd__or3_1)
    1    0.0022                                 _07_ (net)
                   0.0804    0.0000    7.0643 v _20_/A2 (sky130_fd_sc_hd__a21oi_1)
                   0.1099    0.1330    7.1973 ^ _20_/Y (sky130_fd_sc_hd__a21oi_1)
    1    0.0017                                 _00_[2] (net)
                   0.1099    0.0000    7.1973 ^ _27_/D (sky130_fd_sc_hd__dfxtp_1)
                                       7.1973   data arrival time

                   0.0000   10.0000   10.0000   clock MYCLK (rise edge)
                             3.0000   13.0000   clock network delay (ideal)
                            -0.5000   12.5000   clock uncertainty
                             0.0000   12.5000   clock reconvergence pessimism
                                      12.5000 ^ _27_/CLK (sky130_fd_sc_hd__dfxtp_1)
                            -0.0755   12.4244   library setup time
                                      12.4244   data required time
------------------------------------------------------------------------------------
                                      12.4244   data required time
                                      -7.1973   data arrival time
------------------------------------------------------------------------------------
                                       5.2271   slack (MET)


