Warning: sta.tcl, 5 report_checks -verbose is not a known keyword or flag.
Startpoint: _49_ (rising edge-triggered flip-flop clocked by MYCLK)
Endpoint: _49_ (rising edge-triggered flip-flop clocked by MYCLK)
Path Group: MYCLK
Path Type: min

Fanout       Cap      Slew     Delay      Time   Description
------------------------------------------------------------------------------------
                   0.0000    0.0000    0.0000   clock MYCLK (rise edge)
                             3.0000    3.0000   clock network delay (ideal)
                   0.0000    0.0000    3.0000 ^ _49_/CLK (sky130_fd_sc_hd__dfxtp_1)
                   0.3829    0.4913    3.4913 v _49_/Q (sky130_fd_sc_hd__dfxtp_1)
    7    0.1129                                 count[0] (net)
                   0.3829    0.0000    3.4913 v _36_/A (sky130_fd_sc_hd__nor2_1)
                   0.0499    0.1722    3.6635 ^ _36_/Y (sky130_fd_sc_hd__nor2_1)
    1    0.0017                                 _09_ (net)
                   0.0499    0.0000    3.6635 ^ _49_/D (sky130_fd_sc_hd__dfxtp_1)
                                       3.6635   data arrival time

                   0.0000    0.0000    0.0000   clock MYCLK (rise edge)
                             3.0000    3.0000   clock network delay (ideal)
                             0.1000    3.1000   clock uncertainty
                             0.0000    3.1000   clock reconvergence pessimism
                                       3.1000 ^ _49_/CLK (sky130_fd_sc_hd__dfxtp_1)
                            -0.0248    3.0752   library hold time
                                       3.0752   data required time
------------------------------------------------------------------------------------
                                       3.0752   data required time
                                      -3.6635   data arrival time
------------------------------------------------------------------------------------
                                       0.5883   slack (MET)


Startpoint: ctrl (input port clocked by MYCLK)
Endpoint: _52_ (rising edge-triggered flip-flop clocked by MYCLK)
Path Group: MYCLK
Path Type: max

Fanout       Cap      Slew     Delay      Time   Description
------------------------------------------------------------------------------------
                   0.0000    0.0000    0.0000   clock MYCLK (rise edge)
                             3.0000    3.0000   clock network delay (ideal)
                             5.0000    8.0000 v input external delay
                   0.4000    0.0000    8.0000 v ctrl (in)
    5    0.0150                                 ctrl (net)
                   0.4000    0.0000    8.0000 v _44_/C (sky130_fd_sc_hd__or4_1)
                   0.0800    0.4503    8.4503 v _44_/X (sky130_fd_sc_hd__or4_1)
    1    0.0022                                 _24_ (net)
                   0.0800    0.0000    8.4503 v _46_/A (sky130_fd_sc_hd__nand2_1)
                   0.1087    0.0740    8.5243 ^ _46_/Y (sky130_fd_sc_hd__nand2_1)
    1    0.0045                                 _26_ (net)
                   0.1087    0.0000    8.5243 ^ _47_/B (sky130_fd_sc_hd__xnor2_1)
                   0.2981    0.0482    8.5724 v _47_/Y (sky130_fd_sc_hd__xnor2_1)
    1    0.0022                                 _27_ (net)
                   0.2981    0.0000    8.5724 v _48_/B (sky130_fd_sc_hd__nor2_1)
                   0.0912    0.1415    8.7139 ^ _48_/Y (sky130_fd_sc_hd__nor2_1)
    1    0.0017                                 _12_ (net)
                   0.0912    0.0000    8.7139 ^ _52_/D (sky130_fd_sc_hd__dfxtp_1)
                                       8.7139   data arrival time

                   0.0000   10.0000   10.0000   clock MYCLK (rise edge)
                             3.0000   13.0000   clock network delay (ideal)
                            -0.5000   12.5000   clock uncertainty
                             0.0000   12.5000   clock reconvergence pessimism
                                      12.5000 ^ _52_/CLK (sky130_fd_sc_hd__dfxtp_1)
                            -0.0476   12.4524   library setup time
                                      12.4524   data required time
------------------------------------------------------------------------------------
                                      12.4524   data required time
                                      -8.7139   data arrival time
------------------------------------------------------------------------------------
                                       3.7385   slack (MET)


